******************************************************************************
                  TI ARM Linker PC v15.12.3                    
******************************************************************************
>> Linked Sun Jan 21 00:20:47 2018

OUTPUT FILE NAME:   <Lab3.out>
ENTRY POINT SYMBOL: "_c_int00"  address: 000019b5


MEMORY CONFIGURATION

         name            origin    length      used     unused   attr    fill
----------------------  --------  ---------  --------  --------  ----  --------
  FLASH                 00000000   00040000  0000235e  0003dca2  R  X
  SRAM                  20000000   00008000  0000029c  00007d64  RW X


SEGMENT ALLOCATION MAP

run origin  load origin   length   init length attrs members
----------  ----------- ---------- ----------- ----- -------
00000000    00000000    00002364   00002364    r-x
  00000000    00000000    0000026c   0000026c    r-- .intvecs
  0000026c    0000026c    0000188c   0000188c    r-x .text
  00001af8    00001af8    000007e2   000007e2    r-- .const
  000022e0    000022e0    00000084   00000084    r-- .cinit
20000000    20000000    0000029c   00000000    rw-
  20000000    20000000    00000200   00000000    rw- .stack
  20000200    20000200    00000064   00000000    rw- .data
  20000264    20000264    00000038   00000000    rw- .bss


SECTION ALLOCATION MAP

 output                                  attributes/
section   page    origin      length       input sections
--------  ----  ----------  ----------   ----------------
.intvecs   0    00000000    0000026c     
                  00000000    0000026c     tm4c123gh6pm_startup_ccs.obj (.intvecs)

.text      0    0000026c    0000188c     
                  0000026c    000010a8     ST7735.obj (.text)
                  00001314    00000228     tm4c123gh6pm_startup_ccs.obj (.text)
                  0000153c    00000208     Lab3.obj (.text)
                  00001744    0000009c     rtsv7M4_T_le_v4SPD16_eabi.lib : memcpy_t2.obj (.text)
                  000017e0    0000007c     PLL.obj (.text)
                  0000185c    0000007a     rtsv7M4_T_le_v4SPD16_eabi.lib : memset_t2.obj (.text)
                  000018d6    00000002                                   : mpu_init.obj (.text)
                  000018d8    00000070                                   : autoinit.obj (.text)
                  00001948    0000006a                                   : copy_decompress_rle.obj (.text)
                  000019b2    00000002                                   : startup.obj (.text)
                  000019b4    00000054                                   : boot.obj (.text)
                  00001a08    00000054                                   : exit.obj (.text)
                  00001a5c    0000004c                                   : cpy_tbl.obj (.text)
                  00001aa8    00000018                                   : args_main.obj (.text)
                  00001ac0    00000014                                   : _lock.obj (.text)
                  00001ad4    0000000e                                   : copy_decompress_none.obj (.text:decompress:none)
                  00001ae2    0000000c     InterruptFunc.obj (.text)
                  00001aee    00000006     rtsv7M4_T_le_v4SPD16_eabi.lib : copy_decompress_rle.obj (.text:decompress:rle24)
                  00001af4    00000004                                   : pre_init.obj (.text)

.const     0    00001af8    000007e2     
                  00001af8    000004fb     ST7735.obj (.const:.string:Font)
                  00001ff3    00000200     ST7735.obj (.const:.string:dBfs)
                  000021f3    00000067     ST7735.obj (.const:.string:Bcmd)
                  0000225a    0000003b     ST7735.obj (.const:.string:Rcmd1)
                  00002295    0000002b     ST7735.obj (.const:.string:Rcmd3)
                  000022c0    0000000d     ST7735.obj (.const:.string:Rcmd2green)
                  000022cd    0000000d     ST7735.obj (.const:.string:Rcmd2red)

.cinit     0    000022e0    00000084     
                  000022e0    00000059     (.cinit..data.load) [load image, compression = rle]
                  00002339    00000007     --HOLE-- [fill = 0]
                  00002340    00000009     (.cinit..bss.load) [load image, compression = rle]
                  00002349    00000003     --HOLE-- [fill = 0]
                  0000234c    00000008     (__TI_handler_table)
                  00002354    00000010     (__TI_cinit_table)

.init_array 
*          0    00000000    00000000     UNINITIALIZED

.stack     0    20000000    00000200     UNINITIALIZED
                  20000000    00000200     --HOLE--

.data      0    20000200    00000064     UNINITIALIZED
                  20000200    00000014     Lab3.obj (.data)
                  20000214    00000011     Lab3.obj (.data:titlePlot2)
                  20000225    0000000f     Lab3.obj (.data:titlePlot3)
                  20000234    0000000c     rtsv7M4_T_le_v4SPD16_eabi.lib : exit.obj (.data:$O1$$)
                  20000240    0000000a     Lab3.obj (.data:numberTable)
                  2000024a    00000002     --HOLE--
                  2000024c    00000008     rtsv7M4_T_le_v4SPD16_eabi.lib : _lock.obj (.data:$O1$$)
                  20000254    00000008     Lab3.obj (.data:timeTableDisp)
                  2000025c    00000004     ST7735.obj (.data)
                  20000260    00000004     rtsv7M4_T_le_v4SPD16_eabi.lib : stkdepth_vars.obj (.data)

.bss       0    20000264    00000038     UNINITIALIZED
                  20000264    0000000c     (.common:Message)
                  20000270    00000004     ST7735.obj (.bss)
                  20000274    00000004     (.common:Cursor)
                  20000278    00000004     (.common:Messageindex)
                  2000027c    00000004     (.common:StLine)
                  20000280    00000004     (.common:X)
                  20000284    00000004     (.common:Xmax)
                  20000288    00000004     (.common:Xmin)
                  2000028c    00000004     (.common:Xrange)
                  20000290    00000004     (.common:Ymax)
                  20000294    00000004     (.common:Ymin)
                  20000298    00000004     (.common:Yrange)

MODULE SUMMARY

       Module                         code   ro data   rw data
       ------                         ----   -------   -------
    .\
       ST7735.obj                     4264   2018      60     
       tm4c123gh6pm_startup_ccs.obj   552    620       0      
       Lab3.obj                       520    0         70     
       PLL.obj                        124    0         0      
       InterruptFunc.obj              12     0         0      
    +--+------------------------------+------+---------+---------+
       Total:                         5472   2638      130    
                                                              
    C:\ti\ccsv6\tools\compiler\arm_15.12.3.LTS\lib\rtsv7M4_T_le_v4SPD16_eabi.lib
       memcpy_t2.obj                  156    0         0      
       memset_t2.obj                  122    0         0      
       autoinit.obj                   112    0         0      
       copy_decompress_rle.obj        112    0         0      
       exit.obj                       84     0         12     
       boot.obj                       84     0         0      
       cpy_tbl.obj                    76     0         0      
       _lock.obj                      20     0         8      
       args_main.obj                  24     0         0      
       copy_decompress_none.obj       14     0         0      
       pre_init.obj                   4      0         0      
       stkdepth_vars.obj              0      0         4      
       mpu_init.obj                   2      0         0      
       startup.obj                    2      0         0      
    +--+------------------------------+------+---------+---------+
       Total:                         812    0         24     
                                                              
       Stack:                         0      0         512    
       Linker Generated:              0      122       0      
    +--+------------------------------+------+---------+---------+
       Grand Total:                   6284   2760      666    


LINKER GENERATED COPY TABLES

__TI_cinit_table @ 00002354 records: 2, size/record: 8, table size: 16
	.data: load addr=000022e0, load size=00000059 bytes, run addr=20000200, run size=00000064 bytes, compression=rle
	.bss: load addr=00002340, load size=00000009 bytes, run addr=20000264, run size=00000038 bytes, compression=rle


LINKER GENERATED HANDLER TABLE

__TI_handler_table @ 0000234c records: 2, size/record: 4, table size: 8
	index: 0, handler: __TI_decompress_rle24
	index: 1, handler: __TI_decompress_none


GLOBAL SYMBOLS: SORTED ALPHABETICALLY BY Name 

address   name                           
-------   ----                           
00001a09  C$$EXIT                        
20000204  Counts                         
20000274  Cursor                         
000002b9  Delay1ms                       
0000163f  DelayWait10ms                  
000015d7  EdgeCounter_Init               
00001ae7  EnableInterrupts               
00001321  GPIOPortA_Handler              
20000264  Message                        
20000278  Messageindex                   
000017e1  PLL_Init                       
0000166f  Pause                          
00001587  PortF_Init                     
00001315  ResetISR                       
20000200  RisingEdgeCnt                  
UNDEFED   SHT$$INIT_ARRAY$$Base          
UNDEFED   SHT$$INIT_ARRAY$$Limit         
000008ed  ST7735_Color565                
0000094f  ST7735_DrawBitmap              
00000ce5  ST7735_DrawChar                
00000b4b  ST7735_DrawCharS               
000006e9  ST7735_DrawFastHLine           
00000607  ST7735_DrawFastVLine           
000005a5  ST7735_DrawPixel               
000007e1  ST7735_FillRect                
000007a5  ST7735_FillScreen              
000004a3  ST7735_InitB                   
000004ad  ST7735_InitR                   
000010a1  ST7735_InvertDisplay           
00000e73  ST7735_OutString               
00000f4b  ST7735_OutUDec                 
00000f7d  ST7735_OutUDec2                
00001227  ST7735_PlotBar                 
000010b9  ST7735_PlotClear               
000012d9  ST7735_PlotNext                
00001165  ST7735_PlotPoint               
00001289  ST7735_PlotdBfs                
00000fd1  ST7735_SetRotation             
00000929  ST7735_SwapColor               
2000027c  StLine                         
00001367  SysTick_Handler                
0000169d  SysTick_Init                   
20000280  X                              
20000284  Xmax                           
20000288  Xmin                           
2000028c  Xrange                         
20000290  Ymax                           
20000294  Ymin                           
20000298  Yrange                         
20000200  __STACK_END                    
00000200  __STACK_SIZE                   
20000200  __STACK_TOP                    
00002354  __TI_CINIT_Base                
00002364  __TI_CINIT_Limit               
0000234c  __TI_Handler_Table_Base        
00002354  __TI_Handler_Table_Limit       
000018d9  __TI_auto_init                 
20000234  __TI_cleanup_ptr               
00001ad5  __TI_decompress_none           
00001aef  __TI_decompress_rle24          
20000238  __TI_dtors_ptr                 
2000023c  __TI_enable_exit_profile_output
ffffffff  __TI_pprof_out_hndl            
ffffffff  __TI_prof_data_size            
ffffffff  __TI_prof_data_start           
00000000  __TI_static_base__             
0000185d  __aeabi_memclr                 
0000185d  __aeabi_memclr4                
0000185d  __aeabi_memclr8                
00001745  __aeabi_memcpy                 
00001745  __aeabi_memcpy4                
00001745  __aeabi_memcpy8                
0000185f  __aeabi_memset                 
0000185f  __aeabi_memset4                
0000185f  __aeabi_memset8                
ffffffff  __binit__                      
ffffffff  __c_args__                     
000018d7  __mpu_init                     
20000000  __stack                        
00001aa9  _args_main                     
000019b5  _c_int00                       
2000024c  _lock                          
00001acf  _nop                           
00001ac7  _register_lock                 
00001ac1  _register_unlock               
000019b3  _system_post_cinit             
00001af5  _system_pre_init               
20000250  _unlock                        
00001a0d  abort                          
ffffffff  binit                          
00001a5d  copy_in                        
00001ff3  dBfs                           
00001a15  exit                           
00000f09  fillmessage                    
00000000  g_pfnVectors                   
20000210  hourCnt                        
0000153d  main                           
20000260  main_func_sp                   
00001745  memcpy                         
00001865  memset                         
2000020c  minuteCnt                      
20000240  numberTable                    
20000208  secondCnt                      
20000254  timeTableDisp                  
20000214  titlePlot2                     
20000225  titlePlot3                     


GLOBAL SYMBOLS: SORTED BY Symbol Address 

address   name                           
-------   ----                           
00000000  __TI_static_base__             
00000000  g_pfnVectors                   
00000200  __STACK_SIZE                   
000002b9  Delay1ms                       
000004a3  ST7735_InitB                   
000004ad  ST7735_InitR                   
000005a5  ST7735_DrawPixel               
00000607  ST7735_DrawFastVLine           
000006e9  ST7735_DrawFastHLine           
000007a5  ST7735_FillScreen              
000007e1  ST7735_FillRect                
000008ed  ST7735_Color565                
00000929  ST7735_SwapColor               
0000094f  ST7735_DrawBitmap              
00000b4b  ST7735_DrawCharS               
00000ce5  ST7735_DrawChar                
00000e73  ST7735_OutString               
00000f09  fillmessage                    
00000f4b  ST7735_OutUDec                 
00000f7d  ST7735_OutUDec2                
00000fd1  ST7735_SetRotation             
000010a1  ST7735_InvertDisplay           
000010b9  ST7735_PlotClear               
00001165  ST7735_PlotPoint               
00001227  ST7735_PlotBar                 
00001289  ST7735_PlotdBfs                
000012d9  ST7735_PlotNext                
00001315  ResetISR                       
00001321  GPIOPortA_Handler              
00001367  SysTick_Handler                
0000153d  main                           
00001587  PortF_Init                     
000015d7  EdgeCounter_Init               
0000163f  DelayWait10ms                  
0000166f  Pause                          
0000169d  SysTick_Init                   
00001745  __aeabi_memcpy                 
00001745  __aeabi_memcpy4                
00001745  __aeabi_memcpy8                
00001745  memcpy                         
000017e1  PLL_Init                       
0000185d  __aeabi_memclr                 
0000185d  __aeabi_memclr4                
0000185d  __aeabi_memclr8                
0000185f  __aeabi_memset                 
0000185f  __aeabi_memset4                
0000185f  __aeabi_memset8                
00001865  memset                         
000018d7  __mpu_init                     
000018d9  __TI_auto_init                 
000019b3  _system_post_cinit             
000019b5  _c_int00                       
00001a09  C$$EXIT                        
00001a0d  abort                          
00001a15  exit                           
00001a5d  copy_in                        
00001aa9  _args_main                     
00001ac1  _register_unlock               
00001ac7  _register_lock                 
00001acf  _nop                           
00001ad5  __TI_decompress_none           
00001ae7  EnableInterrupts               
00001aef  __TI_decompress_rle24          
00001af5  _system_pre_init               
00001ff3  dBfs                           
0000234c  __TI_Handler_Table_Base        
00002354  __TI_CINIT_Base                
00002354  __TI_Handler_Table_Limit       
00002364  __TI_CINIT_Limit               
20000000  __stack                        
20000200  RisingEdgeCnt                  
20000200  __STACK_END                    
20000200  __STACK_TOP                    
20000204  Counts                         
20000208  secondCnt                      
2000020c  minuteCnt                      
20000210  hourCnt                        
20000214  titlePlot2                     
20000225  titlePlot3                     
20000234  __TI_cleanup_ptr               
20000238  __TI_dtors_ptr                 
2000023c  __TI_enable_exit_profile_output
20000240  numberTable                    
2000024c  _lock                          
20000250  _unlock                        
20000254  timeTableDisp                  
20000260  main_func_sp                   
20000264  Message                        
20000274  Cursor                         
20000278  Messageindex                   
2000027c  StLine                         
20000280  X                              
20000284  Xmax                           
20000288  Xmin                           
2000028c  Xrange                         
20000290  Ymax                           
20000294  Ymin                           
20000298  Yrange                         
ffffffff  __TI_pprof_out_hndl            
ffffffff  __TI_prof_data_size            
ffffffff  __TI_prof_data_start           
ffffffff  __binit__                      
ffffffff  __c_args__                     
ffffffff  binit                          
UNDEFED   SHT$$INIT_ARRAY$$Base          
UNDEFED   SHT$$INIT_ARRAY$$Limit         

[106 symbols]
